// Jest Snapshot v1, https://goo.gl/fbAQLP

exports[`Check Snapshot in Desktop 1`] = `
<DocumentFragment>
  <div
    class="style__StyledDiv-sc-1032p61-0 fXppqO filter "
  >
    <div
      class="ant-row"
      data-testid="filter-form"
      style="justify-content: space-around;"
    >
      <div
        class="ant-col ant-col-4"
      >
        <label
          class="filter__item"
        >
          <span
            class="filter__item__title"
          >
            Viral:
          </span>
          <span
            class="filter__item__control"
          >
            <button
              aria-checked="false"
              class="ant-switch"
              role="switch"
              type="button"
            >
              <div
                class="ant-switch-handle"
              />
              <span
                class="ant-switch-inner"
              >
                excluding
              </span>
            </button>
          </span>
        </label>
      </div>
      <div
        class="ant-col ant-col-4"
      >
        <label
          class="filter__item"
        >
          <span
            class="filter__item__title"
          >
            Window:
          </span>
          <span
            class="filter__item__control"
          >
            <div
              class="ant-select ant-select-single ant-select-show-arrow"
              style="width: 100%;"
            >
              <div
                class="ant-select-selector"
              >
                <span
                  class="ant-select-selection-search"
                >
                  <input
                    aria-activedescendant="rc_select_TEST_OR_SSR_list_0"
                    aria-autocomplete="list"
                    aria-controls="rc_select_TEST_OR_SSR_list"
                    aria-haspopup="listbox"
                    aria-owns="rc_select_TEST_OR_SSR_list"
                    autocomplete="off"
                    class="ant-select-selection-search-input"
                    id="rc_select_TEST_OR_SSR"
                    readonly=""
                    role="combobox"
                    style="opacity: 0;"
                    type="search"
                    unselectable="on"
                    value=""
                  />
                </span>
                <span
                  class="ant-select-selection-item"
                  title="day"
                >
                  day
                </span>
              </div>
              <span
                aria-hidden="true"
                class="ant-select-arrow"
                style="user-select: none;"
                unselectable="on"
              >
                <span
                  aria-label="down"
                  class="anticon anticon-down ant-select-suffix"
                  role="img"
                >
                  <svg
                    aria-hidden="true"
                    data-icon="down"
                    fill="currentColor"
                    focusable="false"
                    height="1em"
                    viewBox="64 64 896 896"
                    width="1em"
                  >
                    <path
                      d="M884 256h-75c-5.1 0-9.9 2.5-12.9 6.6L512 654.2 227.9 262.6c-3-4.1-7.8-6.6-12.9-6.6h-75c-6.5 0-10.3 7.4-6.5 12.7l352.6 486.1c12.8 17.6 39 17.6 51.7 0l352.6-486.1c3.9-5.3.1-12.7-6.4-12.7z"
                    />
                  </svg>
                </span>
              </span>
            </div>
          </span>
        </label>
      </div>
      <div
        class="ant-col ant-col-4"
      >
        <label
          class="filter__item"
        >
          <span
            class="filter__item__title"
          >
            Sort:
          </span>
          <span
            class="filter__item__control"
          >
            <div
              class="ant-select ant-select-single ant-select-show-arrow"
              style="width: 100%;"
            >
              <div
                class="ant-select-selector"
              >
                <span
                  class="ant-select-selection-search"
                >
                  <input
                    aria-activedescendant="rc_select_TEST_OR_SSR_list_0"
                    aria-autocomplete="list"
                    aria-controls="rc_select_TEST_OR_SSR_list"
                    aria-haspopup="listbox"
                    aria-owns="rc_select_TEST_OR_SSR_list"
                    autocomplete="off"
                    class="ant-select-selection-search-input"
                    id="rc_select_TEST_OR_SSR"
                    readonly=""
                    role="combobox"
                    style="opacity: 0;"
                    type="search"
                    unselectable="on"
                    value=""
                  />
                </span>
                <span
                  class="ant-select-selection-item"
                  title="viral"
                >
                  viral
                </span>
              </div>
              <span
                aria-hidden="true"
                class="ant-select-arrow"
                style="user-select: none;"
                unselectable="on"
              >
                <span
                  aria-label="down"
                  class="anticon anticon-down ant-select-suffix"
                  role="img"
                >
                  <svg
                    aria-hidden="true"
                    data-icon="down"
                    fill="currentColor"
                    focusable="false"
                    height="1em"
                    viewBox="64 64 896 896"
                    width="1em"
                  >
                    <path
                      d="M884 256h-75c-5.1 0-9.9 2.5-12.9 6.6L512 654.2 227.9 262.6c-3-4.1-7.8-6.6-12.9-6.6h-75c-6.5 0-10.3 7.4-6.5 12.7l352.6 486.1c12.8 17.6 39 17.6 51.7 0l352.6-486.1c3.9-5.3.1-12.7-6.4-12.7z"
                    />
                  </svg>
                </span>
              </span>
            </div>
          </span>
        </label>
      </div>
      <div
        class="ant-col ant-col-4"
      >
        <label
          class="filter__item"
        >
          <span
            class="filter__item__title"
          >
            Section:
          </span>
          <span
            class="filter__item__control"
          >
            <div
              class="ant-select ant-select-single ant-select-show-arrow"
              style="width: 100%;"
            >
              <div
                class="ant-select-selector"
              >
                <span
                  class="ant-select-selection-search"
                >
                  <input
                    aria-activedescendant="rc_select_TEST_OR_SSR_list_0"
                    aria-autocomplete="list"
                    aria-controls="rc_select_TEST_OR_SSR_list"
                    aria-haspopup="listbox"
                    aria-owns="rc_select_TEST_OR_SSR_list"
                    autocomplete="off"
                    class="ant-select-selection-search-input"
                    id="rc_select_TEST_OR_SSR"
                    readonly=""
                    role="combobox"
                    style="opacity: 0;"
                    type="search"
                    unselectable="on"
                    value=""
                  />
                </span>
                <span
                  class="ant-select-selection-item"
                  title="hot"
                >
                  hot
                </span>
              </div>
              <span
                aria-hidden="true"
                class="ant-select-arrow"
                style="user-select: none;"
                unselectable="on"
              >
                <span
                  aria-label="down"
                  class="anticon anticon-down ant-select-suffix"
                  role="img"
                >
                  <svg
                    aria-hidden="true"
                    data-icon="down"
                    fill="currentColor"
                    focusable="false"
                    height="1em"
                    viewBox="64 64 896 896"
                    width="1em"
                  >
                    <path
                      d="M884 256h-75c-5.1 0-9.9 2.5-12.9 6.6L512 654.2 227.9 262.6c-3-4.1-7.8-6.6-12.9-6.6h-75c-6.5 0-10.3 7.4-6.5 12.7l352.6 486.1c12.8 17.6 39 17.6 51.7 0l352.6-486.1c3.9-5.3.1-12.7-6.4-12.7z"
                    />
                  </svg>
                </span>
              </span>
            </div>
          </span>
        </label>
      </div>
      <div
        class="ant-col ant-col-4"
        style="display: flex;"
      >
        <button
          class="ant-btn ant-btn-primary ant-btn-round filter_btn"
          data-testid="filter-btn"
          type="button"
        >
          <span
            aria-label="filter"
            class="anticon anticon-filter"
            role="img"
          >
            <svg
              aria-hidden="true"
              data-icon="filter"
              fill="currentColor"
              focusable="false"
              height="1em"
              viewBox="64 64 896 896"
              width="1em"
            >
              <path
                d="M880.1 154H143.9c-24.5 0-39.8 26.7-27.5 48L349 597.4V838c0 17.7 14.2 32 31.8 32h262.4c17.6 0 31.8-14.3 31.8-32V597.4L907.7 202c12.2-21.3-3.1-48-27.6-48zM603.4 798H420.6V642h182.9v156zm9.6-236.6l-9.5 16.6h-183l-9.5-16.6L212.7 226h598.6L613 561.4z"
              />
            </svg>
          </span>
          <span>
            filter
          </span>
        </button>
      </div>
    </div>
  </div>
</DocumentFragment>
`;

exports[`Check Snapshot in tablet 1`] = `
<DocumentFragment>
  <span
    aria-label="filter"
    class="anticon anticon-filter filter-icon-btn"
    data-testid="filter-btn-icon"
    role="img"
    tabindex="-1"
  >
    <svg
      aria-hidden="true"
      data-icon="filter"
      fill="currentColor"
      focusable="false"
      height="1em"
      viewBox="64 64 896 896"
      width="1em"
    >
      <path
        d="M880.1 154H143.9c-24.5 0-39.8 26.7-27.5 48L349 597.4V838c0 17.7 14.2 32 31.8 32h262.4c17.6 0 31.8-14.3 31.8-32V597.4L907.7 202c12.2-21.3-3.1-48-27.6-48zM603.4 798H420.6V642h182.9v156zm9.6-236.6l-9.5 16.6h-183l-9.5-16.6L212.7 226h598.6L613 561.4z"
      />
    </svg>
  </span>
</DocumentFragment>
`;
